// Jest Snapshot v1, https://goo.gl/fbAQLP

exports[`<Header /> should render correctly by matching snapshot 1`] = `undefined`;
