// Jest Snapshot v1, https://goo.gl/fbAQLP

exports[`<ProductsList /> should render correctly by matching snapshot 1`] = `ReactWrapper {}`;
